***** External Functions *****
1    AdminAskPath                                       iswi.obl(AdminAskPath.obs)
2    AllFeaturesDeselected                              iswi.obl(CompHelperFuncs.obs)
3    CHECK_RETURN                                       iswi.obl(ErrHandler.obs)
4    CloseFile                                          isrt.obl(Files.obs)
5    CmdGetHwndDlg                                      isrt.obl(CustomDlg.obs)
6    ComponentCompareSizeRequired                       isrt.obl(component.obs)
7    ComponentErrorInfo                                 iswi.obl(ComponentConv.obs)
8    ComponentFilterLanguage                            iswi.obl(ComponentConv.obs)
9    ComponentFilterOS                                  iswi.obl(ComponentConv.obs)
10   ComponentGetData                                   iswi.obl(ComponentConv.obs)
11   ComponentGetTotalCost                              isrt.obl(component.obs)
12   ComponentIsItemSelected                            iswi.obl(ComponentConv.obs)
13   ComponentListItems                                 iswi.obl(ComponentConv.obs)
14   ComponentReinstall                                 iswi.obl(ComponentConv.obs)
15   ComponentRemoveAll                                 iswi.obl(ComponentConv.obs)
16   ComponentSaveTarget                                isrt.obl(component.obs)
17   ComponentSelectItem                                iswi.obl(ComponentConv.obs)
18   ComponentSetupTypeSet                              iswi.obl(ComponentConv.obs)
19   ComponentTransferData                              iswi.obl(ComponentConv.obs)
20   ComponentTreeInit                                  isrt.obl(Dialogs.obs)
21   CreateDir                                          isrt.obl(Files.obs)
22   CreateFile                                         isrt.obl(Files.obs)
23   CreateInstallationInfo                             iswi.obl(RegistryConv.obs)
24   CreateObject                                       isrt.obl(Misc.obs)
25   CtrlGetNotificationCode                            isrt.obl(CustomDlg.obs)
26   CtrlGetState                                       isrt.obl(CustomDlg.obs)
27   CtrlGetSubCommand                                  isrt.obl(CustomDlg.obs)
28   CtrlGetText                                        isrt.obl(CustomDlg.obs)
29   CtrlSelectText                                     isrt.obl(CustomDlg.obs)
30   CtrlSetList                                        isrt.obl(CustomDlg.obs)
31   CtrlSetMLEText                                     isrt.obl(CustomDlg.obs)
32   CtrlSetState                                       isrt.obl(CustomDlg.obs)
33   CtrlSetText                                        isrt.obl(CustomDlg.obs)
34   DefineDialog                                       isrt.obl(CustomDlg.obs)
35   DeleteFile                                         isrt.obl(Files.obs)
36   DialogSetDefaultFont                               isrt.obl(Dialogs.obs)
37   DialogSetFont                                      isrt.obl(Dialogs.obs)
38   DialogSetInfo                                      isrt.obl(Dialogs.obs)
39   Disable                                            isrt.obl(Enable.obs)
40   DiskSizeToStr                                      isrt.obl(SDINT.obs)
41   Divide                                             isrt.obl(Misc.obs)
42   DllSizeOf                                          isrt.obl(Str.obs)
43   Do                                                 isrt.obl(Misc.obs)
44   Enable                                             isrt.obl(Enable.obs)
45   EndDialog                                          isrt.obl(CustomDlg.obs)
46   ExistsDir                                          isrt.obl(Files.obs)
47   EzDefineDialog                                     isrt.obl(CustomDlg.obs)
48   FeatureCompareSizeRequired                         iswi.obl(FeatureFuncsConv.obs)
49   FeaturesInstalled                                  iswi.obl(FileTransferFuncsConv.obs)
50   FeaturesInstalling                                 iswi.obl(FileTransferFuncsConv.obs)
51   FindFile                                           isrt.obl(Files.obs)
52   FindWindow                                         isrt.obl(Misc.obs)
53   FixUpCmdLine                                       iswi.obl(HelperFuncs.obs)
54   FixUpCmdLinePostReboot                             iswi.obl(HelperFuncs.obs)
55   FormatMessage                                      isrt.obl(Misc.obs)
56   GDI32.CreateRectRgn                                iswi.obl(AdminAskPath.obs)
57   GDI32.GetDeviceCaps                                iswi.obl(AdminAskPath.obs)
58   GeneratedMSIScript                                 iswi.obl(FileTransferFuncsConv.obs)
59   GeneratingMSIScript                                iswi.obl(FileTransferFuncsConv.obs)
60   GetBillboard                                       isrt.obl(SysVars.obs)
61   GetCommonFiles                                     isrt.obl(SysVars.obs)
62   GetComponentsFeatures                              iswi.obl(CompHelperFuncs.obs)
63   GetDialogTitle                                     isrt.obl(Dialogs.obs)
64   GetDir                                             isrt.obl(Str.obs)
65   GetDisk                                            isrt.obl(Str.obs)
66   GetDiskSpace                                       isrt.obl(GSI.obs)
67   GetDiskSpaceEx                                     isrt.obl(GSI.obs)
68   GetExtents                                         isrt.obl(GSI.obs)
69   GetISRes                                           isrt.obl(SysVars.obs)
70   GetMSIFeatureName                                  iswi.obl(CompHelperFuncs.obs)
71   GetMaintenance                                     iswi.obl(ISWiInit.obs)
72   GetMsiFeaturePath                                  iswi.obl(CompHelperFuncs.obs)
73   GetMsiNameFromAliasTable                           iswi.obl(CompHelperFuncs.obs)
74   GetOpenFileMode                                    isrt.obl(Files.obs)
75   GetProductGUID                                     iswi.obl(ISWiInit.obs)
76   GetProfString                                      isrt.obl(Profile.obs)
77   GetSelectedLanguage                                isrt.obl(SysVars.obs)
78   GetSelectedTreeComponent                           isrt.obl(CmptView.obs)
79   GetSupportDir                                      isrt.obl(SysVars.obs)
80   GetSystemInfo                                      isrt.obl(GSI.obs)
81   GetUpdateStatus                                    iswi.obl(HelperFuncs.obs)
82   GetUpdateStatusReboot                              iswi.obl(HelperFuncs.obs)
83   GetValidDrivesList                                 isrt.obl(GSI.obs)
84   GetWinDir                                          isrt.obl(SysVars.obs)
85   GetWinSysDir                                       isrt.obl(SysVars.obs)
86   GetWindowHandle                                    iswi.obl(MiscConv.obs)
87   HIWORD                                             isrt.obl(Misc.obs)
88   HexStrToNum                                        isrt.obl(Str.obs)
89   ISDeterminePlatform                                isrt.obl(OsInfo.obs)
90   ISMIF32.InstallStatusMIF                           isrt.obl(MIF.obs)
91   ISRT.ComponentViewSetInfoEx                        isrt.obl(Dialogs.obs)
92   ISRT.EnableHourGlass                               isrt.obl(Enable.obs)
93   ISRT.GetCPUType                                    isrt.obl(GSI.obs)
94   ISRT.GetFontSub                                    isrt.obl(Dialogs.obs)
95   ISRT.GetHandle                                     setup.obs
96   ISRT.GetPorts                                      isrt.obl(GSI.obs)
97   ISRT.IsEmpty                                       setup.obs
98   ISRT.IsNTAdmin                                     isrt.obl(Is.obs)
99   ISRT.IsObject                                      setup.obs
100  ISRT.LangLoadString                                isrt.obl(SDINT.obs)
101  ISRT.LnchAppAndWait                                isrt.obl(Extend.obs)
102  ISRT.MessageBeepP                                  setup.obs
103  ISRT.PathCompactPathPixel                          isrt.obl(CustomDlg.obs)
104  ISRT.PathGetDir                                    isrt.obl(Str.obs)
105  ISRT.PathGetDrive                                  isrt.obl(Str.obs)
106  ISRT.PathGetFile                                   isrt.obl(Str.obs)
107  ISRT.PathGetFileExt                                isrt.obl(Str.obs)
108  ISRT.PathGetFileName                               isrt.obl(Str.obs)
109  ISRT.PathGetLongFromShort                          isrt.obl(Str.obs)
110  ISRT.PathGetPath                                   isrt.obl(Str.obs)
111  ISRT.PathGetSpecialFolder                          isrt.obl(SysVars.obs)
112  ISRT.PathIsValidSyntax                             isrt.obl(Is.obs)
113  ISRT._BrowseForFolder                              isrt.obl(SelectDir.obs)
114  ISRT._CloseFile                                    isrt.obl(Files.obs)
115  ISRT._CmdGetHwndDlg                                isrt.obl(CustomDlg.obs)
116  ISRT._ComponentCompareSizeRequired                 isrt.obl(component.obs)
117  ISRT._ComponentGetTotalCost                        isrt.obl(component.obs)
118  ISRT._ComponentSaveTarget                          isrt.obl(component.obs)
119  ISRT._CreateDir                                    isrt.obl(Files.obs)
120  ISRT._CreateObject                                 isrt.obl(Misc.obs)
121  ISRT._CtrlGetNotificationCode                      isrt.obl(CustomDlg.obs)
122  ISRT._CtrlGetSubCommand                            isrt.obl(CustomDlg.obs)
123  ISRT._DefineDialog                                 isrt.obl(CustomDlg.obs)
124  ISRT._DialogSetFont                                isrt.obl(Dialogs.obs)
125  ISRT._DisableStatus                                isrt.obl(Enable.obs)
126  ISRT._Divide                                       isrt.obl(Misc.obs)
127  ISRT._DoSprintf                                    iswi.obl(HelperFuncs.obs)
128  ISRT._EnableDialogCache                            isrt.obl(Enable.obs)
129  ISRT._EnablePrevDialog                             iswi.obl(AdminAskPath.obs)
130  ISRT._EnableStatus                                 isrt.obl(Enable.obs)
131  ISRT._EndDialog                                    isrt.obl(CustomDlg.obs)
132  ISRT._ExistsDir                                    isrt.obl(Files.obs)
133  ISRT._ExistsFile                                   isrt.obl(Files.obs)
134  ISRT._GetDiskSpaceEx                               isrt.obl(GSI.obs)
135  ISRT._GetGlobalMemorySize                          isrt.obl(GSI.obs)
136  ISRT._GetSelectedTreeComponent                     isrt.obl(CmptView.obs)
137  ISRT._GetSupportDir                                isrt.obl(SysVars.obs)
138  ISRT._ListAddItem                                  isrt.obl(scrlist.obs)
139  ISRT._ListAddString                                isrt.obl(scrlist.obs)
140  ISRT._ListCount                                    isrt.obl(scrlist.obs)
141  ISRT._ListCreate                                   isrt.obl(scrlist.obs)
142  ISRT._ListCurrentString                            isrt.obl(scrlist.obs)
143  ISRT._ListDestroy                                  isrt.obl(scrlist.obs)
144  ISRT._ListFindString                               isrt.obl(scrlist.obs)
145  ISRT._ListGetFirstItem                             isrt.obl(scrlist.obs)
146  ISRT._ListGetFirstString                           isrt.obl(scrlist.obs)
147  ISRT._ListGetNextItem                              isrt.obl(scrlist.obs)
148  ISRT._ListGetNextString                            isrt.obl(scrlist.obs)
149  ISRT._ListGetType                                  isrt.obl(scrlist.obs)
150  ISRT._ListSetIndex                                 isrt.obl(scrlist.obs)
151  ISRT._OpenFile                                     isrt.obl(Files.obs)
152  ISRT._RegCreateKey                                 iswi.obl(RegistryConv.obs)
153  ISRT._RegQueryKeyBinaryValue                       iswi.obl(RegistryConv.obs)
154  ISRT._RegQueryKeyValue                             iswi.obl(RegistryConv.obs)
155  ISRT._RegSetKeyBinaryValue                         iswi.obl(RegistryConv.obs)
156  ISRT._RegSetKeyValue                               iswi.obl(RegistryConv.obs)
157  ISRT._ReleaseDialog                                isrt.obl(CustomDlg.obs)
158  ISRT._SetAltMainImage                              isrt.obl(Dialogs.obs)
159  ISRT._SetDisplayEffect                             isrt.obl(ui.obs)
160  ISRT._TreeViewCreate                               isrt.obl(CmptView.obs)
161  ISRT._WaitOnDialog                                 isrt.obl(CustomDlg.obs)
162  ISRT._WriteLine                                    isrt.obl(Files.obs)
163  ISRT.__CreateObjectContext                         isrt.obl(ISRTInit.obs)
164  ISRT.__GetCmdLineOptions                           isrt.obl(ISRTInit.obs)
165  ISRT.__GetContextGUID                              isrt.obl(ISRTInit.obs)
166  ISRT.__GetFileRegistrar                            isrt.obl(ISRTInit.obs)
167  ISRT.__GetInfo                                     isrt.obl(ISRTInit.obs)
168  ISRT.__GetLogDB                                    isrt.obl(ISRTInit.obs)
169  ISRT.__GetMainWindow                               setup.obs
170  ISRT.__GetMaintenanceMode                          isrt.obl(SysVars.obs)
171  ISRT.__GetObjects                                  isrt.obl(ISRTInit.obs)
172  ISRT.__GetProductGuid                              isrt.obl(SysVars.obs)
173  ISRT.__GetProgress                                 setup.obs
174  ISRT.__GetReboot                                   isrt.obl(ISRTInit.obs)
175  ISRT.__GetTextSub                                  isrt.obl(ISRTInit.obs)
176  ISRT.__ReleaseObjectContext                        isrt.obl(ISRTInit.obs)
177  ISRT.__RestoreMainLog                              isrt.obl(ISRTInit.obs)
178  ISRT.__SetComponentLog                             isrt.obl(ISRTInit.obs)
179  ISWIOnAppSearch                                    iswi.obl(DriverConv.obs)
180  ISWIOnCCPSearch                                    iswi.obl(DriverConv.obs)
181  ISWIOnExitInstall                                  iswi.obl(DriverConv.obs)
182  ISWIOnFirstUIAfter                                 iswi.obl(DriverConv.obs)
183  ISWIOnFirstUIBefore                                iswi.obl(DriverConv.obs)
184  ISWIOnInitInstall                                  iswi.obl(DriverConv.obs)
185  ISWIOnMaintUIAfter                                 iswi.obl(DriverConv.obs)
186  ISWIOnMaintUIBefore                                iswi.obl(DriverConv.obs)
187  ISWIOnMinorUpgradeUIAfter                          ifx.obl(DriverConv.obs)
188  ISWIOnMinorUpgradeUIBefore                         ifx.obl(DriverConv.obs)
189  ISWIOnMoveData                                     iswi.obl(DriverConv.obs)
190  ISWIOnResumeUIAfter                                iswi.obl(DriverConv.obs)
191  ISWIOnResumeUIBefore                               iswi.obl(DriverConv.obs)
192  ISWIPCRestoreAfter                                 iswi.obl(DriverConv.obs)
193  ISWIPCRestoreBefore                                iswi.obl(DriverConv.obs)
194  InstallFilesActionAfter                            iswi.obl(FileTransferFuncsConv.obs)
195  InstallFilesActionBefore                           iswi.obl(FileTransferFuncsConv.obs)
196  Is                                                 isrt.obl(Is.obs)
197  IsOSWinXP                                          iswi.obl(HelperFuncs.obs)
198  IsTestSetup                                        iswi.obl(HelperFuncs.obs)
199  KERNEL.GetModuleHandle                             setup.obs
200  KERNEL32.CloseHandle                               iswi.obl(AdminAskPath.obs)
201  KERNEL32.CreateFileA                               iswi.obl(AdminAskPath.obs)
202  KERNEL32.DeleteFileA                               iswi.obl(AdminAskPath.obs)
203  KERNEL32.FindClose                                 iswi.obl(AdminAskPath.obs)
204  KERNEL32.FindFirstFileA                            iswi.obl(AdminAskPath.obs)
205  KERNEL32.FindNextFileA                             iswi.obl(AdminAskPath.obs)
206  KERNEL32.FormatMessageA                            iswi.obl(AdminAskPath.obs)
207  KERNEL32.GetDriveType                              iswi.obl(AdminAskPath.obs)
208  KERNEL32.GetFileAttributesA                        iswi.obl(AdminAskPath.obs)
209  KERNEL32.GetLocalTime                              iswi.obl(AdminAskPath.obs)
210  KERNEL32.GetLocaleInfo                             iswi.obl(AdminAskPath.obs)
211  KERNEL32.GetPrivateProfileString                   iswi.obl(AdminAskPath.obs)
212  KERNEL32.GetPrivateProfileStringA                  iswi.obl(AdminAskPath.obs)
213  KERNEL32.GetProfileStringA                         iswi.obl(AdminAskPath.obs)
214  KERNEL32.GetShortPathNameA                         iswi.obl(AdminAskPath.obs)
215  KERNEL32.GetSystemDefaultLCID                      iswi.obl(AdminAskPath.obs)
216  KERNEL32.GetUserDefaultLangID                      iswi.obl(AdminAskPath.obs)
217  KERNEL32.GetVersion                                iswi.obl(AdminAskPath.obs)
218  KERNEL32.GetVersionEx                              iswi.obl(AdminAskPath.obs)
219  KERNEL32.GetVolumeInformation                      iswi.obl(AdminAskPath.obs)
220  KERNEL32.GetWindowsDirectory                       iswi.obl(AdminAskPath.obs)
221  KERNEL32.SetFileAttributesA                        iswi.obl(AdminAskPath.obs)
222  KERNEL32.WritePrivateProfileString                 iswi.obl(AdminAskPath.obs)
223  KERNEL32.lstrlen                                   iswi.obl(AdminAskPath.obs)
224  Kernel32.GetModuleHandleA                          iswi.obl(ComponentConv.obs)
225  LOWORD                                             isrt.obl(Misc.obs)
226  LaunchAgent                                        iswi.obl(HelperFuncs.obs)
227  LaunchApp                                          isrt.obl(Extend.obs)
228  LaunchAppAndWait                                   isrt.obl(Extend.obs)
229  ListAddItem                                        isrt.obl(scrlist.obs)
230  ListAddString                                      isrt.obl(scrlist.obs)
231  ListCount                                          isrt.obl(scrlist.obs)
232  ListCreate                                         isrt.obl(scrlist.obs)
233  ListCurrentString                                  isrt.obl(scrlist.obs)
234  ListDestroy                                        isrt.obl(scrlist.obs)
235  ListFindString                                     isrt.obl(scrlist.obs)
236  ListGetFirstItem                                   isrt.obl(scrlist.obs)
237  ListGetFirstString                                 isrt.obl(scrlist.obs)
238  ListGetLastString                                  iswi.obl(CompHelperFuncs.obs)
239  ListGetNextItem                                    isrt.obl(scrlist.obs)
240  ListGetNextString                                  isrt.obl(scrlist.obs)
241  ListGetType                                        isrt.obl(scrlist.obs)
242  ListSetIndex                                       isrt.obl(scrlist.obs)
243  LongPathFromShortPath                              isrt.obl(Str.obs)
244  LongPathToQuote                                    isrt.obl(Str.obs)
245  LongPathToShortPath                                isrt.obl(Str.obs)
246  MAKELONG                                           isrt.obl(Misc.obs)
247  MIFCreateMIFFile                                   isrt.obl(MIF.obs)
248  MIFDeleteMIFFile                                   isrt.obl(MIF.obs)
249  MIFInitialize                                      isrt.obl(MIF.obs)
250  MIFSetInformation                                  isrt.obl(MIF.obs)
251  MIFUnInitialize                                    isrt.obl(MIF.obs)
252  MIFWasSetInformationCalled                         isrt.obl(MIF.obs)
253  MessageBeep                                        isrt.obl(Misc.obs)
254  MessageBox                                         isrt.obl(MsgBox.obs)
255  Moved                                              iswi.obl(FileTransferFuncsConv.obs)
256  Moving                                             iswi.obl(FileTransferFuncsConv.obs)
257  MsiCloseHandle                                     iswi.obl(MsiFuncsConv.obs)
258  MsiCreateRecord                                    iswi.obl(MsiFuncsConv.obs)
259  MsiDatabaseOpenView                                iswi.obl(MsiFuncsConv.obs)
260  MsiDoAction                                        iswi.obl(MsiFuncsConv.obs)
261  MsiGetActiveDatabase                               iswi.obl(MsiFuncsConv.obs)
262  MsiGetFeatureState                                 iswi.obl(MsiFuncsConv.obs)
263  MsiGetProperty                                     iswi.obl(MsiFuncsConv.obs)
264  MsiGetPropertyIS                                   iswi.obl(MsiFuncsConv.obs)
265  MsiGetSourcePath                                   iswi.obl(MsiFuncsConv.obs)
266  MsiGetTargetPath                                   iswi.obl(MsiFuncsConv.obs)
267  MsiInstallProduct                                  iswi.obl(MsiFuncsConv.obs)
268  MsiProcessMessage                                  iswi.obl(MsiFuncsConv.obs)
269  MsiRecordGetInteger                                iswi.obl(MsiFuncsConv.obs)
270  MsiRecordGetString                                 iswi.obl(MsiFuncsConv.obs)
271  MsiRecordSetString                                 iswi.obl(MsiFuncsConv.obs)
272  MsiSetProperty                                     iswi.obl(MsiFuncsConv.obs)
273  MsiSetTargetPath                                   iswi.obl(MsiFuncsConv.obs)
274  MsiViewExecute                                     iswi.obl(MsiFuncsConv.obs)
275  MsiViewFetch                                       iswi.obl(MsiFuncsConv.obs)
276  OnAbort                                            iswi.obl(DriverConv.obs)
277  OnAction                                           iswi.obl(ISWiInit.obs)
278  OnAdminInstallUIAfter                              iswi.obl(DriverConv.obs)
279  OnAdminInstallUIBefore                             iswi.obl(DriverConv.obs)
280  OnAdminPatchUIAfter                                iswi.obl(DriverConv.obs)
281  OnAdminPatchUIBefore                               iswi.obl(DriverConv.obs)
282  OnAdvertisementAfter                               iswi.obl(DriverConv.obs)
283  OnAdvertisementBefore                              iswi.obl(DriverConv.obs)
284  OnAppSearch                                        iswi.obl(DriverConv.obs)
285  OnBegin                                            iswi.obl(DriverConv.obs)
286  OnCCPSearch                                        iswi.obl(DriverConv.obs)
287  OnCanceling                                        iswi.obl(DriverConv.obs)
288  OnComponentError                                   iswi.obl(Exceptions.obs)
289  OnEnd                                              iswi.obl(DriverConv.obs)
290  OnError                                            iswi.obl(DriverConv.obs)
291  OnException                                        iswi.obl(Exceptions.obs)
292  OnFeaturesInstalled                                iswi.obl(FileTransferFuncsConv.obs)
293  OnFeaturesInstalling                               iswi.obl(FileTransferFuncsConv.obs)
294  OnFilesInUse                                       iswi.obl(DriverConv.obs)
295  OnFirstUIAfter                                     iswi.obl(DriverConv.obs)
296  OnFirstUIBefore                                    iswi.obl(DriverConv.obs)
297  OnGeneratedMSIScript                               iswi.obl(FileTransferFuncsConv.obs)
298  OnGeneratingMSIScript                              iswi.obl(FileTransferFuncsConv.obs)
299  OnHelp                                             iswi.obl(DriverConv.obs)
300  OnInstallFilesActionAfter                          iswi.obl(FileTransferFuncsConv.obs)
301  OnInstallFilesActionBefore                         iswi.obl(FileTransferFuncsConv.obs)
302  OnMaintUIAfter                                     iswi.obl(DriverConv.obs)
303  OnMaintUIBefore                                    iswi.obl(DriverConv.obs)
304  OnMaintenance                                      iswi.obl(DriverConv.obs)
305  OnMinorUpgrade                                     ifx.obl(DriverConv.obs)
306  OnMinorUpgradeUIAfter                              ifx.obl(DriverConv.obs)
307  OnMinorUpgradeUIBefore                             ifx.obl(DriverConv.obs)
308  OnMoved                                            iswi.obl(FileTransferFuncsConv.obs)
309  OnMoving                                           iswi.obl(FileTransferFuncsConv.obs)
310  OnMsiSilentInstall                                 iswi.obl(DriverConv.obs)
311  OnOutOfDiskSpace                                   iswi.obl(DriverConv.obs)
312  OnPatchUIAfter                                     iswi.obl(DriverConv.obs)
313  OnPatchUIBefore                                    iswi.obl(DriverConv.obs)
314  OnRebooted                                         iswi.obl(DriverConv.obs)
315  OnResolveSource                                    iswi.obl(DriverConv.obs)
316  OnResume                                           iswi.obl(DriverConv.obs)
317  OnResumeUIAfter                                    iswi.obl(DriverConv.obs)
318  OnResumeUIBefore                                   iswi.obl(DriverConv.obs)
319  OnSelfRegistrationError                            iswi.obl(Exceptions.obs)
320  OnUnhandledException                               iswi.obl(DriverConv.obs)
321  OnUninstall                                        iswi.obl(DriverConv.obs)
322  OnUpdateService                                    iswi.obl(DriverConv.obs)
323  OnWarning                                          iswi.obl(DriverConv.obs)
324  OpenFile                                           isrt.obl(Files.obs)
325  OpenFileMode                                       isrt.obl(Files.obs)
326  ParsePath                                          isrt.obl(Str.obs)
327  PatchAll                                           setup.obs
328  ProgDefGroupType                                   isrt.obl(Shell.obs)
329  ProgGetGroupType                                   isrt.obl(Shell.obs)
330  PthFixPath                                         isrt.obl(Pth.obs)
331  PthIsAbsPath                                       isrt.obl(Pth.obs)
332  RebootNeeded                                       iswi.obl(FileTransferFuncsConv.obs)
333  RedirectMsiCloseHandle                             iswi.obl(RedirectedMsiFuncsConv.obs)
334  RedirectMsiCreateRecord                            iswi.obl(RedirectedMsiFuncsConv.obs)
335  RedirectMsiGetActiveDatabase                       iswi.obl(RedirectedMsiFuncsConv.obs)
336  RedirectMsiProcessMessage                          iswi.obl(RedirectedMsiFuncsConv.obs)
337  RedirectMsiRecordGetInteger                        iswi.obl(RedirectedMsiFuncsConv.obs)
338  RedirectMsiViewExecute                             iswi.obl(RedirectedMsiFuncsConv.obs)
339  RedirectMsiViewFetch                               iswi.obl(RedirectedMsiFuncsConv.obs)
340  RegDBGetKeyValueEx                                 iswi.obl(RegistryConv.obs)
341  RegDBInit                                          iswi.obl(RegistryConv.obs)
342  RegDBQueryValue                                    iswi.obl(RegistryConv.obs)
343  RegDBSetDefaultRoot                                iswi.obl(RegistryConv.obs)
344  RegDBSetKeyValueEx                                 iswi.obl(RegistryConv.obs)
345  RegDBSetValue                                      iswi.obl(RegistryConv.obs)
346  ReleaseDialog                                      isrt.obl(CustomDlg.obs)
347  RemoveSpaces                                       iswi.obl(HelperFuncs.obs)
348  ResolveShellObjectsFolder                          iswi.obl(CompHelperFuncs.obs)
349  SdAskDestPath                                      isrt.obl(SDADPATH.obs)
350  SdCloseDlg                                         isrt.obl(SDINT.obs)
351  SdComponentDlgCheckSpace                           isrt.obl(SDINT.obs)
352  SdComponentTree                                    isrt.obl(SDCOMTREE.obs)
353  SdCustomerInformation                              iswi.obl(SdCustInfo.obs)
354  SdDlgToTop                                         isrt.obl(SDINT.obs)
355  SdDoStdButton                                      isrt.obl(SDINT.obs)
356  SdEnablement                                       isrt.obl(SDINT.obs)
357  SdError                                            isrt.obl(SDINT.obs)
358  SdFeatureTree                                      iswi.obl(FeatureFuncsConv.obs)
359  SdFilesInUse                                       iswi.obl(SdFilesInUse.obs)
360  SdFinish                                           isrt.obl(SDFINISH.obs)
361  SdFinishEx                                         iswi.obl(SdFinishExConv.obs)
362  SdFinishReboot                                     isrt.obl(SDFINBOT.obs)
363  SdFinishUpdate                                     iswi.obl(SdFinishUpdate.obs)
364  SdFinishUpdateReboot                               iswi.obl(SdFinUpdateRebot.obs)
365  SdGeneralInit                                      isrt.obl(SDINT.obs)
366  SdInit                                             isrt.obl(SDINT.obs)
367  SdIsStdButton                                      isrt.obl(SDINT.obs)
368  SdLoadString                                       isrt.obl(SDINT.obs)
369  SdMakeName                                         isrt.obl(SDINT.obs)
370  SdOutOfDiskSpace                                   iswi.obl(SdDiskReqs.obs)
371  SdPatchWelcome                                     iswi.obl(SdPatchWel.obs)
372  SdPlugInProductName                                isrt.obl(SDINT.obs)
373  SdProductName                                      iswi.obl(SdprodctConv.obs)
374  SdSetDlgTitle                                      isrt.obl(SDINT.obs)
375  SdSetStatic                                        isrt.obl(SDINT.obs)
376  SdSetupCompleteError                               iswi.obl(SdSetupCompleteError.obs)
377  SdStartCopy                                        isrt.obl(SDSCOPY.obs)
378  SdUnInit                                           isrt.obl(SDINT.obs)
379  SdWelcome                                          isrt.obl(SDWEL.obs)
380  SdWelcomeMaint                                     isrt.obl(SdWelcomeMaint.obs)
381  SelectDir                                          isrt.obl(SelectDir.obs)
382  SelectDirNoLog                                     isrt.obl(SelectDir.obs)
383  SendMessage                                        isrt.obl(Misc.obs)
384  SetCmdLine                                         isrt.obl(SysVars.obs)
385  SetDisplayEffect                                   isrt.obl(ui.obs)
386  SetFolderDesktop                                   isrt.obl(SysVars.obs)
387  SetFolderPrograms                                  isrt.obl(SysVars.obs)
388  SetFolderStartMenu                                 isrt.obl(SysVars.obs)
389  SetFolderStartup                                   isrt.obl(SysVars.obs)
390  SetGlobalVars                                      iswi.obl(ISWiInit.obs)
391  SetInstallationInfo                                iswi.obl(RegistryConv.obs)
392  SetMifInformationOnly                              iswi.obl(RegistryConv.obs)
393  SetUpdateStatus                                    iswi.obl(HelperFuncs.obs)
394  SetUpdateStatusReboot                              iswi.obl(HelperFuncs.obs)
395  SetupType                                          isrt.obl(SetupType.obs)
396  SilentDoGeneralInfo                                isrt.obl(Silent.obs)
397  SilentFailed                                       isrt.obl(Silent.obs)
398  SilentFinish                                       isrt.obl(Silent.obs)
399  SilentGetMode                                      isrt.obl(Silent.obs)
400  SilentInit                                         isrt.obl(Silent.obs)
401  SilentReadData                                     isrt.obl(Silent.obs)
402  SilentSetInfo                                      isrt.obl(Silent.obs)
403  SilentSetMode                                      isrt.obl(Silent.obs)
404  SilentWriteData                                    isrt.obl(Silent.obs)
405  Sprintf                                            isrt.obl(Str.obs)
406  SprintfBox                                         isrt.obl(MsgBox.obs)
407  SprintfMsiLog                                      iswi.obl(HelperFuncs.obs)
408  StrDelete                                          iswi.obl(HelperFuncs.obs)
409  StrGetTokens                                       isrt.obl(Str.obs)
410  StrLength                                          isrt.obl(Str.obs)
411  StrRemoveLastSlash                                 isrt.obl(Str.obs)
412  StrRemoveSpaces                                    isrt.obl(Str.obs)
413  StrToUpper                                         isrt.obl(Str.obs)
414  SysVarsInit                                        isrt.obl(SysVars.obs)
415  SysVarsInitConv                                    iswi.obl(SysVarsConv.obs)
416  SysVarsUnInit                                      iswi.obl(SysVarsConv.obs)
417  System                                             isrt.obl(Misc.obs)
418  TreeViewCreate                                     isrt.obl(CmptView.obs)
419  USER.EnableWindow                                  setup.obs
420  USER.GetClassName                                  setup.obs
421  USER.GetDC                                         setup.obs
422  USER.GetDlgItem                                    setup.obs
423  USER.GetFocus                                      setup.obs
424  USER.GetWindowLong                                 setup.obs
425  USER.IsIconic                                      setup.obs
426  USER.IsWindow                                      setup.obs
427  USER.IsWindowVisible                               iswi.obl(AdminAskPath.obs)
428  USER.ReleaseDC                                     setup.obs
429  USER.SendMessageA                                  iswi.obl(AdminAskPath.obs)
430  USER.SetFocus                                      setup.obs
431  USER.SetForegroundWindow                           iswi.obl(AdminAskPath.obs)
432  USER.SetWindowPos                                  setup.obs
433  USER.SetWindowText                                 setup.obs
434  USER.ShowWindow                                    setup.obs
435  USER32.CharUpperBuffA                              iswi.obl(AdminAskPath.obs)
436  USER32.FindWindowA                                 iswi.obl(AdminAskPath.obs)
437  USER32.GetDlgItem                                  iswi.obl(SdDiskReqs.obs)
438  USER32.GetSystemMetrics                            iswi.obl(AdminAskPath.obs)
439  USER32.GetWindowRect                               iswi.obl(SdDiskReqs.obs)
440  USER32.GetWindowText                               iswi.obl(AdminAskPath.obs)
441  USER32.GetWindowTextLength                         iswi.obl(AdminAskPath.obs)
442  USER32.MessageBoxA                                 iswi.obl(AdminAskPath.obs)
443  USER32.SendMessageA                                iswi.obl(AdminAskPath.obs)
444  USER32.SetWindowLong                               iswi.obl(AdminAskPath.obs)
445  USER32.SetWindowRgn                                iswi.obl(AdminAskPath.obs)
446  UpdateBase                                         setup.obs
447  User32.DestroyWindow                               iswi.obl(SdDiskReqs.obs)
448  User32.LoadStringA                                 iswi.obl(ComponentConv.obs)
449  WaitOnDialog                                       isrt.obl(CustomDlg.obs)
450  WriteLine                                          isrt.obl(Files.obs)
451  _HandleException                                   isrt.obl(exceptions.obs)
452  __AddIntegerToArray                                iswi.obl(HelperFuncs.obs)
453  __AddStringToArray                                 iswi.obl(HelperFuncs.obs)
454  __ComponentListItemsEx                             iswi.obl(CompHelperFuncs.obs)
455  __ComponentListItemsExInstall                      iswi.obl(CompHelperFuncs.obs)
456  __ComponentListItemsExUnInstall                    iswi.obl(CompHelperFuncs.obs)
457  __ComponentMoveXferData                            iswi.obl(CompHelperFuncs.obs)
458  __DefaultExitHandler                               isrt.obl(handlers.obs)
459  __GetFinishMode                                    iswi.obl(ISWiInit.obs)
460  __GetMsiHandle                                     iswi.obl(SysVarsConv.obs)
461  __GetSourceDir                                     iswi.obl(SysVarsConv.obs)
462  __HandleError                                      iswi.obl(ErrHandler.obs)
463  __ISRTDoExit                                       isrt.obl(Misc.obs)
464  __ISRTInit                                         isrt.obl(ISRTInit.obs)
465  __ISRTRestoreMainLog                               isrt.obl(ISRTInit.obs)
466  __ISRTSetComponentLog                              isrt.obl(ISRTInit.obs)
467  __ISRTUnInit                                       isrt.obl(ISRTInit.obs)
468  __ISWIInit                                         iswi.obl(ISWiInit.obs)
469  __ISWIMsiHandle                                    iswi.obl(ISWiInit.obs)
470  __ISWIUnInit                                       iswi.obl(ISWiInit.obs)
471  __IsArrayEmpty                                     iswi.obl(HelperFuncs.obs)
472  __LoadIScriptString                                iswi.obl(ISWiInit.obs)
473  __MsiGetFeatureState                               iswi.obl(MsiWrappersConv.obs)
474  __MsiOpenView                                      iswi.obl(CompHelperFuncs.obs)
475  __MsiRecordGetString                               iswi.obl(MsiWrappersConv.obs)
476  __OnAbort                                          iswi.obl(DriverConv.obs)
477  __OnAdminPatch                                     iswi.obl(DriverConv.obs)
478  __OnAdministrativeInstall                          iswi.obl(DriverConv.obs)
479  __OnAdvertisement                                  iswi.obl(DriverConv.obs)
480  __OnBegin                                          iswi.obl(DriverConv.obs)
481  __OnCanceling                                      iswi.obl(DriverConv.obs)
482  __OnEnd                                            iswi.obl(DriverConv.obs)
483  __OnError                                          iswi.obl(DriverConv.obs)
484  __OnMsiMaintenance                                 iswi.obl(DriverConv.obs)
485  __OnMsiMinorUpgrade                                ifx.obl(DriverConv.obs)
486  __OnMsiRebooted                                    iswi.obl(DriverConv.obs)
487  __OnMsiSilentInstall                               iswi.obl(DriverConv.obs)
488  __OnMsiUninstall                                   iswi.obl(DriverConv.obs)
489  __OnPatch                                          iswi.obl(DriverConv.obs)
490  __OnResume                                         iswi.obl(DriverConv.obs)
491  __OnWarning                                        iswi.obl(DriverConv.obs)
492  __ResetMsiObject                                   iswi.obl(ISWiInit.obs)
493  __SetMaintenance                                   iswi.obl(ISWiInit.obs)
494  __SetMsiHandle                                     iswi.obl(SysVarsConv.obs)
495  __SetMsiServer                                     iswi.obl(ISWiInit.obs)
496  __SetPatch                                         iswi.obl(SysVarsConv.obs)
497  __SetSourceDir                                     iswi.obl(SysVarsConv.obs)
498  isrt.IsObject                                      iswi.obl(MsiFuncsConv.obs)
499  isrt._ComponentGetData                             iswi.obl(ComponentConv.obs)
500  isrt._ComponentIsItemSelected                      iswi.obl(ComponentConv.obs)
501  isrt._ComponentListItems                           iswi.obl(ComponentConv.obs)
502  isrt._ComponentReinstall                           iswi.obl(ComponentConv.obs)
503  isrt._ComponentRemoveAll                           iswi.obl(ComponentConv.obs)
504  isrt._ComponentSelectItem                          iswi.obl(ComponentConv.obs)
505  isrt._ComponentSetupTypeSet                        iswi.obl(ComponentConv.obs)
506  isrt._EnableDialogCache                            iswi.obl(ISWiInit.obs)
507  kernel32.GetLocalTime                              iswi.obl(ErrHandler.obs)
508  kernel32.GetWindowsDirectoryA                      iswi.obl(ErrHandler.obs)
509  msi.MsiCloseHandle                                 iswi.obl(RedirectedMsiFuncsConv.obs)
510  msi.MsiCreateRecord                                iswi.obl(RedirectedMsiFuncsConv.obs)
511  msi.MsiDatabaseOpenViewA                           setup.obs
512  msi.MsiDoActionA                                   setup.obs
513  msi.MsiGetActiveDatabase                           iswi.obl(RedirectedMsiFuncsConv.obs)
514  msi.MsiGetFeatureStateA                            setup.obs
515  msi.MsiGetProductInfoA                             setup.obs
516  msi.MsiGetPropertyA                                setup.obs
517  msi.MsiGetSourcePathA                              setup.obs
518  msi.MsiGetTargetPathA                              setup.obs
519  msi.MsiOpenDatabaseA                               setup.obs
520  msi.MsiProcessMessage                              iswi.obl(RedirectedMsiFuncsConv.obs)
521  msi.MsiRecordGetInteger                            iswi.obl(RedirectedMsiFuncsConv.obs)
522  msi.MsiRecordGetStringA                            setup.obs
523  msi.MsiRecordSetStringA                            setup.obs
524  msi.MsiSetPropertyA                                setup.obs
525  msi.MsiSetTargetPathA                              setup.obs
526  msi.MsiViewExecute                                 iswi.obl(RedirectedMsiFuncsConv.obs)
527  msi.MsiViewFetch                                   iswi.obl(RedirectedMsiFuncsConv.obs)
528  program                                            iswi.obl(DriverConv.obs)
529  sfc.SRSetRestorePoint                              setup.obs


***** External Variables *****
1    AdminToolsFolder                                   iswi.obl(DebugSymbolsConv.obs)
2    AppDataFolder                                      iswi.obl(DebugSymbolsConv.obs)
3    BATCH_INSTALL                                      setup.obs
4    CMDLINE                                            iswi.obl(DebugSymbolsConv.obs)
5    CMPTFILTERLANGOBJ                                  iswi.obl(CompHelperFuncs.obs)
6    COMMONFILES                                        iswi.obl(DebugSymbolsConv.obs)
7    CommonAppDataFolder                                iswi.obl(DebugSymbolsConv.obs)
8    CommonFiles64Folder                                iswi.obl(DebugSymbolsConv.obs)
9    CommonFilesFolder                                  iswi.obl(DebugSymbolsConv.obs)
10   DISK1TARGET                                        setup.obs
11   DesktopFolder                                      iswi.obl(DebugSymbolsConv.obs)
12   ERRORFILENAME                                      setup.obs
13   ERRORINFO                                          iswi.obl(ComponentConv.obs)
14   Err                                                setup.obs
15   FEATURE                                            iswi.obl(ComponentConv.obs)
16   FILEERROR                                          iswi.obl(ComponentConv.obs)
17   FILETIME                                           iswi.obl(AdminAskPath.obs)
18   FIND_DATA                                          iswi.obl(AdminAskPath.obs)
19   FOLDER_DESKTOP                                     iswi.obl(DebugSymbolsConv.obs)
20   FOLDER_PROGRAMS                                    iswi.obl(DebugSymbolsConv.obs)
21   FOLDER_STARTMENU                                   iswi.obl(DebugSymbolsConv.obs)
22   FOLDER_STARTUP                                     iswi.obl(DebugSymbolsConv.obs)
23   FavoritesFolder                                    iswi.obl(DebugSymbolsConv.obs)
24   FileRegistrar                                      setup.obs
25   FontsFolder                                        iswi.obl(DebugSymbolsConv.obs)
26   INSTALLDIR                                         setup.obs
27   ISMSI_HANDLE                                       iswi.obl(DebugSymbolsConv.obs)
28   ISRES                                              iswi.obl(DebugSymbolsConv.obs)
29   ISUSER                                             iswi.obl(DebugSymbolsConv.obs)
30   ISUTIL_FUNCTION_ERROR                              iswi.obl(CompHelperFuncs.obs)
31   ISUTIL_LINE_NUMBER                                 iswi.obl(CompHelperFuncs.obs)
32   ISUTIL_POSITIVE_ERROR                              iswi.obl(CompHelperFuncs.obs)
33   ISUTIL_SCRIPT_FILE                                 iswi.obl(CompHelperFuncs.obs)
34   ISVERSION                                          iswi.obl(DebugSymbolsConv.obs)
35   LAST_RESULT                                        setup.obs
36   LVITEM                                             iswi.obl(SdDiskReqs.obs)
37   LV_COLUMN                                          iswi.obl(SdDiskReqs.obs)
38   LocalAppDataFolder                                 iswi.obl(DebugSymbolsConv.obs)
39   LogDB                                              setup.obs
40   MAINTENANCE                                        iswi.obl(DebugSymbolsConv.obs)
41   MEDIA                                              setup.obs
42   MODE                                               iswi.obl(DebugSymbolsConv.obs)
43   MainWindow                                         setup.obs
44   MyPicturesFolder                                   iswi.obl(DebugSymbolsConv.obs)
45   NOTHING                                            setup.obs
46   NetHoodFolder                                      iswi.obl(DebugSymbolsConv.obs)
47   OSINFO_PLATFORM_INFO                               setup.obs
48   OSVERSIONINFO                                      iswi.obl(AdminAskPath.obs)
49   OSVERSIONINFOEX                                    iswi.obl(AdminAskPath.obs)
50   Objects                                            setup.obs
51   PATCH                                              iswi.obl(DebugSymbolsConv.obs)
52   PRODUCT_GUID                                       iswi.obl(DebugSymbolsConv.obs)
53   PROGRAMFILES                                       iswi.obl(DebugSymbolsConv.obs)
54   PersonalFolder                                     iswi.obl(DebugSymbolsConv.obs)
55   PrintHoodFolder                                    iswi.obl(DebugSymbolsConv.obs)
56   ProgramFiles64Folder                               iswi.obl(DebugSymbolsConv.obs)
57   ProgramFilesFolder                                 iswi.obl(DebugSymbolsConv.obs)
58   ProgramMenuFolder                                  iswi.obl(DebugSymbolsConv.obs)
59   RECT                                               iswi.obl(AdminAskPath.obs)
60   Reboot                                             setup.obs
61   RecentFolder                                       iswi.obl(DebugSymbolsConv.obs)
62   SELECTED_LANGUAGE                                  iswi.obl(DebugSymbolsConv.obs)
63   SHELL_OBJECT_FOLDER                                setup.obs
64   SRCDIR                                             setup.obs
65   SRCDISK                                            iswi.obl(DebugSymbolsConv.obs)
66   SUPPORTDIR                                         iswi.obl(DebugSymbolsConv.obs)
67   SYSTEMTIME                                         iswi.obl(AdminAskPath.obs)
68   SYSTEMTIME2                                        iswi.obl(ErrHandler.obs)
69   SendToFolder                                       iswi.obl(DebugSymbolsConv.obs)
70   SetupInfo                                          setup.obs
71   SourceDir                                          iswi.obl(DebugSymbolsConv.obs)
72   StartMenuFolder                                    iswi.obl(DebugSymbolsConv.obs)
73   StartupFolder                                      iswi.obl(DebugSymbolsConv.obs)
74   StatusDlg                                          setup.obs
75   System16Folder                                     iswi.obl(DebugSymbolsConv.obs)
76   System64Folder                                     iswi.obl(DebugSymbolsConv.obs)
77   SystemFolder                                       iswi.obl(DebugSymbolsConv.obs)
78   TARGETDIR                                          setup.obs
79   TARGETDISK                                         iswi.obl(DebugSymbolsConv.obs)
80   TempFolder                                         iswi.obl(DebugSymbolsConv.obs)
81   TemplateFolder                                     iswi.obl(DebugSymbolsConv.obs)
82   TextSub                                            setup.obs
83   UNINST                                             setup.obs
84   UNINSTALL_STRING                                   setup.obs
85   WINDIR                                             iswi.obl(DebugSymbolsConv.obs)
86   WINDISK                                            iswi.obl(DebugSymbolsConv.obs)
87   WINSYSDIR                                          iswi.obl(DebugSymbolsConv.obs)
88   WINSYSDISK                                         iswi.obl(DebugSymbolsConv.obs)
89   WindowsFolder                                      iswi.obl(DebugSymbolsConv.obs)
90   WindowsVolume                                      iswi.obl(DebugSymbolsConv.obs)
91   _INT64                                             setup.obs
92   _RESTOREINFO_                                      setup.obs
93   _RESTOREPTINFO                                     setup.obs
94   _SMGRSTATUS                                        setup.obs
95   _SMGSTATUS_                                        setup.obs
96   _WIN9X                                             setup.obs
97   _WINNT                                             setup.obs
98   __SYSTEMINFORMATION                                setup.obs
99   __gbAliasingOff                                    iswi.obl(CompHelperFuncs.obs)
100  __gbCheckForUpdate                                 iswi.obl(CompHelperFuncs.obs)
101  __gbCheckUpdateReboot                              iswi.obl(CompHelperFuncs.obs)
102  __gbGetTarget                                      iswi.obl(CompHelperFuncs.obs)
103  __gbInitialized                                    iswi.obl(CompHelperFuncs.obs)
104  __gbInstallInfo                                    setup.obs
105  __gbMaintenance                                    iswi.obl(CompHelperFuncs.obs)
106  __gbReopening                                      iswi.obl(CompHelperFuncs.obs)
107  __ghActiveDataBase                                 iswi.obl(CompHelperFuncs.obs)
108  __ghErrFileHandle                                  iswi.obl(CompHelperFuncs.obs)
109  __ghMsiInstall                                     iswi.obl(CompHelperFuncs.obs)
110  __gnButtonSelected                                 iswi.obl(CompHelperFuncs.obs)
111  __gnLastError                                      iswi.obl(CompHelperFuncs.obs)
112  __gnMsiReturn                                      iswi.obl(CompHelperFuncs.obs)
113  __gnOSMask                                         iswi.obl(CompHelperFuncs.obs)
114  __gnScriptMode                                     iswi.obl(CompHelperFuncs.obs)
115  __goISDriver                                       iswi.obl(CompHelperFuncs.obs)
116  __goLanguageFilter                                 iswi.obl(CompHelperFuncs.obs)
117  __goMsiServer                                      iswi.obl(CompHelperFuncs.obs)
118  __gsINSTALLDIR                                     iswi.obl(CompHelperFuncs.obs)
119  __gsProductGuid                                    iswi.obl(CompHelperFuncs.obs)
120  __gsSourceDir                                      iswi.obl(CompHelperFuncs.obs)
121  __hContext                                         iswi.obl(CompHelperFuncs.obs)
122  __objGlobalTextSub                                 setup.obs
123  __objStringTable                                   iswi.obl(ISWiInit.obs)
124  __szGUID                                           iswi.obl(RegistryConv.obs)
125  bBackButton                                        setup.obs
126  bCancelButton                                      setup.obs
127  bEnterDiskBeep                                     iswi.obl(AdminAskPath.obs)
128  bFinishButton                                      setup.obs
129  bIfxPCHInitialized                                 setup.obs
130  bIfxPCHOn                                          setup.obs
131  bInstall16                                         setup.obs
132  bNextButton                                        setup.obs
133  bSdInit                                            setup.obs
134  bViewCmptKunits                                    setup.obs
135  bViewCmptUseDecimal                                setup.obs
136  g_bSuppressMissingStringWarning                    iswi.obl(DriverConv.obs)
137  nIfxPCHType                                        setup.obs
138  szAppKey                                           setup.obs
139  szInstallDeinstKey                                 setup.obs
140  szSdProduct                                        setup.obs
141  szSdStr_NotEnoughSpace                             setup.obs
